START TIME: Sun May 25 17:34:32 CEST 2025
slurmstepd: error: couldn't chdir to `/workspace': No such file or directory: going to /tmp instead
slurmstepd: error: couldn't chdir to `/workspace': No such file or directory: going to /tmp instead
DEPRECATION: Loading egg at /usr/local/lib/python3.12/dist-packages/lightning_thunder-0.2.0.dev0-py3.12.egg is deprecated. pip 25.1 will enforce this behaviour change. A possible replacement is to use pip for package installation. Discussion can be found at https://github.com/pypa/pip/issues/12330
DEPRECATION: Loading egg at /usr/local/lib/python3.12/dist-packages/nvfuser-0.2.23a0+6627725-py3.12-linux-aarch64.egg is deprecated. pip 25.1 will enforce this behaviour change. A possible replacement is to use pip for package installation. Discussion can be found at https://github.com/pypa/pip/issues/12330
DEPRECATION: Loading egg at /usr/local/lib/python3.12/dist-packages/dill-0.3.9-py3.12.egg is deprecated. pip 25.1 will enforce this behaviour change. A possible replacement is to use pip for package installation. Discussion can be found at https://github.com/pypa/pip/issues/12330
DEPRECATION: Loading egg at /usr/local/lib/python3.12/dist-packages/looseversion-1.3.0-py3.12.egg is deprecated. pip 25.1 will enforce this behaviour change. A possible replacement is to use pip for package installation. Discussion can be found at https://github.com/pypa/pip/issues/12330
DEPRECATION: Loading egg at /usr/local/lib/python3.12/dist-packages/opt_einsum-3.4.0-py3.12.egg is deprecated. pip 25.1 will enforce this behaviour change. A possible replacement is to use pip for package installation. Discussion can be found at https://github.com/pypa/pip/issues/12330
DEPRECATION: Loading egg at /usr/local/lib/python3.12/dist-packages/lightning_utilities-0.12.0.dev0-py3.12.egg is deprecated. pip 25.1 will enforce this behaviour change. A possible replacement is to use pip for package installation. Discussion can be found at https://github.com/pypa/pip/issues/12330
Looking in indexes: https://pypi.org/simple, https://pypi.ngc.nvidia.com
Requirement already satisfied: transformers in /usr/local/lib/python3.12/dist-packages (4.48.2)
Requirement already satisfied: filelock in /usr/local/lib/python3.12/dist-packages (from transformers) (3.16.1)
Requirement already satisfied: huggingface-hub<1.0,>=0.24.0 in /usr/local/lib/python3.12/dist-packages (from transformers) (0.28.1)
Requirement already satisfied: numpy>=1.17 in /usr/local/lib/python3.12/dist-packages (from transformers) (1.26.4)
Requirement already satisfied: packaging>=20.0 in /usr/local/lib/python3.12/dist-packages (from transformers) (23.2)
Requirement already satisfied: pyyaml>=5.1 in /usr/local/lib/python3.12/dist-packages (from transformers) (6.0.2)
Requirement already satisfied: regex!=2019.12.17 in /usr/local/lib/python3.12/dist-packages (from transformers) (2024.11.6)
Requirement already satisfied: requests in /usr/local/lib/python3.12/dist-packages (from transformers) (2.32.3)
Requirement already satisfied: tokenizers<0.22,>=0.21 in /usr/local/lib/python3.12/dist-packages (from transformers) (0.21.0)
Requirement already satisfied: safetensors>=0.4.1 in /usr/local/lib/python3.12/dist-packages (from transformers) (0.5.2)
Requirement already satisfied: tqdm>=4.27 in /usr/local/lib/python3.12/dist-packages (from transformers) (4.67.1)
Requirement already satisfied: fsspec>=2023.5.0 in /usr/local/lib/python3.12/dist-packages (from huggingface-hub<1.0,>=0.24.0->transformers) (2024.10.0)
Requirement already satisfied: typing-extensions>=3.7.4.3 in /usr/local/lib/python3.12/dist-packages (from huggingface-hub<1.0,>=0.24.0->transformers) (4.12.2)
Requirement already satisfied: charset-normalizer<4,>=2 in /usr/local/lib/python3.12/dist-packages (from requests->transformers) (3.4.1)
Requirement already satisfied: idna<4,>=2.5 in /usr/local/lib/python3.12/dist-packages (from requests->transformers) (3.10)
Requirement already satisfied: urllib3<3,>=1.21.1 in /usr/local/lib/python3.12/dist-packages (from requests->transformers) (2.0.7)
Requirement already satisfied: certifi>=2017.4.17 in /usr/local/lib/python3.12/dist-packages (from requests->transformers) (2024.12.14)

[notice] A new release of pip is available: 24.3.1 -> 25.1.1
[notice] To update, run: python -m pip install --upgrade pip
Traceback (most recent call last):
  File "/iopsstor/scratch/cscs/elyulina/lai-proj/loss_ablation.py", line 5, in <module>
    from utils import get_arg_parser, build_lr_scheduler, clip_grad_norm_, get_num_params, get_num_flop_per_token, init_logger, logger, PRECISION_STR_TO_DTYPE, set_default_dtype
ImportError: cannot import name 'get_arg_parser' from 'utils' (/iopsstor/scratch/cscs/elyulina/lai-proj/utils.py)
Exception ignored in atexit callback: <function dump_compile_times at 0x4001a2799da0>
Traceback (most recent call last):
  File "/usr/local/lib/python3.12/dist-packages/torch/_dynamo/utils.py", line 438, in dump_compile_times
  File "/usr/local/lib/python3.12/dist-packages/torch/_dynamo/utils.py", line 424, in compile_times
  File "/usr/local/lib/python3.12/dist-packages/torch/_dynamo/utils.py", line 205, in tabulate
    )
      
  File "<frozen importlib._bootstrap>", line 1360, in _find_and_load
  File "<frozen importlib._bootstrap>", line 1331, in _find_and_load_unlocked
  File "<frozen importlib._bootstrap>", line 935, in _load_unlocked
  File "<frozen importlib._bootstrap_external>", line 991, in exec_module
  File "<frozen importlib._bootstrap_external>", line 1128, in get_code
  File "<frozen importlib._bootstrap_external>", line 1186, in get_data
OSError: [Errno 107] Transport endpoint is not connected: '/usr/local/lib/python3.12/dist-packages/tabulate/__init__.py'
srun: error: nid006466: task 0: Exited with exit code 1
srun: Terminating StepId=466307.0
END TIME: Sun May 25 17:35:05 CEST 2025
